// Jest Snapshot v1, https://goo.gl/fbAQLP

exports[`It should render RstContent component correctly 1`] = `
<div>
  <div
    className="rst-content css-1htbla5 e1u79y390"
    dangerouslySetInnerHTML={
      Object {
        "__html": "<div>天氣不錯</div>",
      }
    }
  />
</div>
`;
