// Jest Snapshot v1, https://goo.gl/fbAQLP

exports[`It should render Loading component correctly 1`] = `
.c0 {
  margin-top: 10%;
  display: -webkit-box;
  display: -webkit-flex;
  display: -ms-flexbox;
  display: flex;
  -webkit-flex-direction: column;
  -ms-flex-direction: column;
  flex-direction: column;
  -webkit-align-items: center;
  -webkit-box-align: center;
  -ms-flex-align: center;
  align-items: center;
}

.c1 {
  display: inline-block;
  width: 90px;
  height: 90px;
  background: url() no-repeat center;
  background-size: 90px 90px;
  border: 0.1em solid #FFFFFF;
  box-shadow: 0 1px 4px rgba(0,0,0,0.15);
  -webkit-animation-name: bQMHby;
  animation-name: bQMHby;
  -webkit-animation-duration: 5s;
  animation-duration: 5s;
  -webkit-animation-iteration-count: infinite;
  animation-iteration-count: infinite;
  z-index: 1000;
}

.c2 {
  margin-top: 2rem;
  font-size: 2rem;
  text-align: center;
}

<div
  className="c0"
>
  <div
    className="c1"
  />
  <div
    className="c2"
  >
    正在努力讀取中…
  </div>
</div>
`;
