// Jest Snapshot v1, https://goo.gl/fbAQLP

exports[`It should render Archives component correctly 1`] = `
.c4 {
  border-collapse: collapse;
  width: 100%;
  font-size: 1.2em;
}

.c5 {
  background: #eee;
}

.c5:nth-of-type(even) {
  background: #f9f9f9;
}

.c6 {
  padding: 0.6em;
  border: 1px solid #ccc;
}

.c3 {
  color: #0097A7;
  -webkit-text-decoration: none;
  text-decoration: none;
}

.c3:hover {
  color: #006064;
}

.c2 {
  font-size: 2rem;
}

.c0 {
  float: left;
  width: 800px;
}

.c0 article {
  padding: 2em;
  border-bottom: 1px solid #eee;
  background: white;
}

.c1 h1 {
  margin: 3px 0 24px;
}

@media (max-width:1200px) {
  .c0 {
    width: 100%;
  }
}

<section
  className="c0"
>
  <article>
    <header
      className="c1"
    >
      <h1>
        <a
          className="c2 c3"
          onClick={[Function]}
          style={Object {}}
        >
          所有文章列表
        </a>
      </h1>
    </header>
    <table
      className="c4"
    >
      <tbody
        className=""
      >
        <tr
          className="c5"
        >
          <td
            className="c6"
          >
            2017/05/15
          </td>
          <td
            className="c6"
          >
            <a
              className="c3"
              onClick={[Function]}
              style={Object {}}
            >
              title 1
            </a>
          </td>
        </tr>
        <tr
          className="c5"
        >
          <td
            className="c6"
          >
            2017/05/16
          </td>
          <td
            className="c6"
          >
            <a
              className="c3"
              onClick={[Function]}
              style={Object {}}
            >
              title 2
            </a>
          </td>
        </tr>
        <tr
          className="c5"
        >
          <td
            className="c6"
          >
            2017/05/17
          </td>
          <td
            className="c6"
          >
            <a
              className="c3"
              onClick={[Function]}
              style={Object {}}
            >
              title 3
            </a>
          </td>
        </tr>
      </tbody>
    </table>
  </article>
</section>
`;

exports[`It should render Archives component with empty articles correctly 1`] = `
.c1 {
  margin-top: 10%;
  display: -webkit-box;
  display: -webkit-flex;
  display: -ms-flexbox;
  display: flex;
  -webkit-flex-direction: column;
  -ms-flex-direction: column;
  flex-direction: column;
  -webkit-align-items: center;
  -webkit-box-align: center;
  -ms-flex-align: center;
  align-items: center;
}

.c2 {
  display: inline-block;
  width: 90px;
  height: 90px;
  background: url() no-repeat center;
  background-size: 90px 90px;
  border: 0.1em solid #FFFFFF;
  box-shadow: 0 1px 4px rgba(0,0,0,0.15);
  -webkit-animation-name: bQMHby;
  animation-name: bQMHby;
  -webkit-animation-duration: 5s;
  animation-duration: 5s;
  -webkit-animation-iteration-count: infinite;
  animation-iteration-count: infinite;
  z-index: 1000;
}

.c3 {
  margin-top: 2rem;
  font-size: 2rem;
  text-align: center;
}

.c0 {
  float: left;
  width: 800px;
}

.c0 article {
  padding: 2em;
  border-bottom: 1px solid #eee;
  background: white;
}

@media (max-width:1200px) {
  .c0 {
    width: 100%;
  }
}

<section
  className="c0"
>
  <div
    className="c1"
  >
    <div
      className="c2"
    />
    <div
      className="c3"
    >
      正在努力讀取中…
    </div>
  </div>
</section>
`;
