// Jest Snapshot v1, https://goo.gl/fbAQLP

exports[`It should render Article component correctly 1`] = `
.c3 {
  color: #0097A7;
  -webkit-text-decoration: none;
  text-decoration: none;
}

.c3:hover {
  color: #006064;
}

.c2 {
  font-size: 2rem;
}

.c10 {
  margin-top: 16px;
  font-size: 1.2rem;
  line-height: 1.6rem;
}

.c11 {
  display: -webkit-box;
  display: -webkit-flex;
  display: -ms-flexbox;
  display: flex;
  padding: 1rem;
}

.c11 > div:not(:first-child) {
  margin-left: .5rem;
}

.c4 {
  font-size: 0.9rem;
  line-height: 1.6rem;
  overflow: hidden;
  text-overflow: ellipsis;
  white-space: nowrap;
}

.c5 {
  display: inline;
}

.c5:not(:first-child) {
  margin-left: 8px;
}

.c6 {
  display: inline;
}

.c7 {
  margin: 0;
  display: inline;
}

.c7:not(:first-child):before {
  content: "/";
  margin: 0 3px;
}

.c8 {
  margin-bottom: -5px;
}

.c8:hover {
  -webkit-transform: rotate(-10deg);
  -ms-transform: rotate(-10deg);
  transform: rotate(-10deg);
}

.c9 {
  display: none;
  position: absolute;
  line-height: 1.2em;
  padding: 4px;
  border-radius: 3px;
  background: #00897B;
  color: #FFFFFF;
  -webkit-transition: opacity .3s ease-out;
  transition: opacity .3s ease-out;
}

.c9:before {
  content: "";
  position: absolute;
  width: 0;
  height: 0;
  left: -15px;
  top: 4px;
  border: 8px solid transparent;
  border-right-color: #00897B;
}

.c0 {
  background: white;
  padding: 32px;
}

.c1 h1 {
  margin: 3px 0;
  overflow: hidden;
  text-overflow: ellipsis;
  white-space: nowrap;
}

@media (max-width:800px) {
  .c9 {
    display: none;
  }
}

<article
  className="c0"
>
  <header
    className="c1"
  >
    <h1>
      <a
        className="c2 c3"
        onClick={[Function]}
        style={Object {}}
      >
        title
      </a>
    </h1>
    <ul
      className="c4"
    >
      <li
        className="c5"
      >
        分類：
        <ul
          className="c6"
        >
          <li
            className="c7"
          >
            <a
              className="c3"
              onClick={[Function]}
              style={Object {}}
            >
              name
            </a>
          </li>
        </ul>
      </li>
      <li
        className="c5"
      >
        字數：
        <img
          alt="雞"
          className="c8"
          onMouseEnter={[Function]}
          onMouseLeave={[Function]}
          src={
            Object {
              "default": Object {},
            }
          }
        />
         x 
        1
        <span
          className="c9"
        >
          雞數：計算文長的常見計量單位，一般而言數字大小與文章長度呈正相關
        </span>
      </li>
      <li
        className="c5"
      >
        發表時間：
        2017/07/09
      </li>
    </ul>
  </header>
  <div
    className="rst-content c10"
    dangerouslySetInnerHTML={
      Object {
        "__html": "content",
      }
    }
  />
  <div
    className="c11"
  />
  <div />
</article>
`;

exports[`It should render Article component correctly when the article is null 1`] = `
.c1 {
  margin-top: 10%;
  display: -webkit-box;
  display: -webkit-flex;
  display: -ms-flexbox;
  display: flex;
  -webkit-flex-direction: column;
  -ms-flex-direction: column;
  flex-direction: column;
  -webkit-align-items: center;
  -webkit-box-align: center;
  -ms-flex-align: center;
  align-items: center;
}

.c2 {
  display: inline-block;
  width: 90px;
  height: 90px;
  background: url() no-repeat center;
  background-size: 90px 90px;
  border: 0.1em solid #FFFFFF;
  box-shadow: 0 1px 4px rgba(0,0,0,0.15);
  -webkit-animation-name: bQMHby;
  animation-name: bQMHby;
  -webkit-animation-duration: 5s;
  animation-duration: 5s;
  -webkit-animation-iteration-count: infinite;
  animation-iteration-count: infinite;
  z-index: 1000;
}

.c3 {
  margin-top: 2rem;
  font-size: 2rem;
  text-align: center;
}

.c0 {
  background: white;
  padding: 32px;
}

<article
  className="c0"
>
  <div
    className="c1"
  >
    <div
      className="c2"
    />
    <div
      className="c3"
    >
      正在努力讀取中…
    </div>
  </div>
</article>
`;
